[
{
    "entityType": "dataset",
    "entityUrn": "urn:li:dataset:(urn:li:dataPlatform:kafka,topic3,DEV)",
    "changeType": "UPSERT",
    "aspectName": "upstreamLineage",
    "aspect": {
        "json": {
            "fineGrainedLineages": [],
            "upstreams": [
                {
                    "auditStamp": {
                        "time": 1629795600000,
                        "actor": "urn:li:corpUser:ingestion"
                    },
                    "dataset": "urn:li:dataset:(urn:li:dataPlatform:kafka,topic2,DEV)",
                    "type": "TRANSFORMED"
                },
                {
                    "auditStamp": {
                        "time": 1629795600000,
                        "actor": "urn:li:corpUser:ingestion"
                    },
                    "dataset": "urn:li:dataset:(urn:li:dataPlatform:kafka,topic1,DEV)",
                    "type": "TRANSFORMED"
                }
            ]
        }
    },
    "systemMetadata": {
        "lastObserved": 1629795600000,
        "runId": "remote-3"
    }
},
{
    "entityType": "dataset",
    "entityUrn": "urn:li:dataset:(urn:li:dataPlatform:kafka,topic2,DEV)",
    "changeType": "UPSERT",
    "aspectName": "upstreamLineage",
    "aspect": {
        "json": {
            "fineGrainedLineages": [],
            "upstreams": [
                {
                    "auditStamp": {
                        "time": 1629795600000,
                        "actor": "urn:li:corpUser:ingestion"
                    },
                    "dataset": "urn:li:dataset:(urn:li:dataPlatform:snowflake,test.kafka.topic2,PROD)",
                    "type": "TRANSFORMED"
                }
            ]
        }
    },
    "systemMetadata": {
        "lastObserved": 1629795600000,
        "runId": "remote-3"
    }
}
]
